drone bin: seeker_2026-05-06_12-58-59_radar.bin  (2148 frames)
bg bin   : seeker_2026-05-06_12-54-23_radar.bin     (996 frames)
actual fps: 13.858  (PRF=30478.5 Hz, range_res=2.638 m/bin)

hover frames (20): [463, 506, 547, 590, 632, 716, 758, 800, 843, 884, 927, 969, 1010, 1053, 1095, 1179, 1221, 1264, 1305, 1347]
bg frames    (20)   : [np.int64(49), np.int64(96), np.int64(143), np.int64(191), np.int64(238), np.int64(285), np.int64(332), np.int64(379), np.int64(427), np.int64(474), np.int64(521), np.int64(568), np.int64(616), np.int64(663), np.int64(710), np.int64(757), np.int64(804), np.int64(852), np.int64(899), np.int64(946)]

[scanning hover frames]
  20 drone frames OK
[scanning background frames]
  20 bg frames OK

==============================================================================
PER-RANGE-BIN CONTRAST TABLE  (drone hover vs no-drone background)
==============================================================================
 rb range_m  tot_d  tot_b  tot_x   pk_d   pk_b   pk_x  kurt_d  kurt_b  kurt_dx  cep_d  cep_b  cep_x  papr_d  papr_b  sup_d  sup_b
  1     2.6  125.4  121.3   2.55   99.4  101.3   0.65   43.12   83.63   -40.51   -6.9   -7.2   1.06    10.4    15.7    6.0   13.4
  2     5.3  125.1  119.8   3.38   99.5   98.8   1.18   43.73   94.18   -50.44   -7.9   -8.8   1.23     9.4    14.2    5.5   11.6
  3     7.9  124.6  118.7   3.88   97.4   95.9   1.41   26.00   73.60   -47.59   -9.2   -9.1   0.98     7.8    11.7    3.4    9.2
  4    10.6  124.2  118.0   4.15   96.8   92.9   2.49   10.83   50.43   -39.61   -8.7   -9.8   1.27     6.8    10.1    3.4    7.1
  5    13.2  124.2  117.8   4.37   95.7   91.8   2.44    4.89   27.72   -22.83   -9.0   -9.9   1.24     5.8     8.8    0.9    6.8
  6    15.8  124.1  117.5   4.54   95.6   91.1   2.79    5.31   21.44   -16.13   -8.5  -10.1   1.44     5.9     8.4    2.5    7.9
  7    18.5  124.0  117.3   4.66   95.5   90.9   2.88    3.03   22.35   -19.32   -9.3   -9.8   1.13     5.7     8.5    1.4    5.4
  8    21.1  124.1  117.3   4.79   95.7   90.9   3.03    1.22   17.06   -15.85   -8.3   -9.9   1.43     5.4     8.3    1.9    4.0
  9    23.7  124.2  117.2   5.03   95.9   90.3   3.63    2.96   10.97    -8.01   -9.4  -10.0   1.16     5.6     7.8    1.6    5.7
 10    26.4  124.1  117.0   5.13   95.6   90.0   3.60    2.47   13.43   -10.96   -8.8  -10.1   1.35     5.5     7.7    1.0    6.6
 11    29.0  123.7  116.2   5.74   95.2   89.4   3.79    1.75   23.45   -21.70   -9.3   -9.7   1.09     5.4     8.7    2.6    4.3
 12    31.7  123.5  114.9   7.39   94.6   88.8   3.76    7.34   52.62   -45.28   -9.8   -9.9   1.01     5.7    10.3    0.8    7.8
 13    34.3  124.2  116.1   6.40   95.6   89.1   4.40    3.26   25.26   -22.00   -9.2   -9.7   1.10     5.7     8.8    1.4    5.7
 14    36.9  124.5  116.9   5.65   95.5   89.8   3.73    2.59   22.83   -20.24   -8.8   -9.8   1.25     5.5     8.7    1.4    3.9
 15    39.6  124.5  117.2   5.34   96.2   90.4   3.81    6.03   25.06   -19.02   -9.7   -9.8   1.03     6.0     8.7    0.9    5.8
 16    42.2  124.5  117.3   5.17   96.2   90.6   3.67    5.89   28.45   -22.56   -8.2   -9.9   1.48     6.0     9.0    0.9    5.2
 17    44.9  124.4  117.5   4.97   96.5   90.0   4.49    6.80   34.91   -28.10   -9.0   -9.5   1.13     6.3     9.5    1.9    4.9
 18    47.5  124.5  117.8   4.71   96.1   91.1   3.19   14.98   40.74   -25.76   -8.5   -9.8   1.37     6.7    10.0    1.0    5.0
 19    50.1  124.6  118.1   4.52   96.5   91.7   3.02   12.08   52.41   -40.33   -9.1   -9.6   1.13     6.5    10.4    0.9    5.4
 20    52.8  124.7  118.5   4.20   96.7   91.9   3.05   37.21   78.24   -41.02   -8.7   -9.1   1.11     8.4    11.7    2.0    6.3
 21    55.4  124.9  119.4   3.56   97.0   93.2   2.37   60.03  104.50   -44.46   -8.6   -8.7   1.03     9.8    13.8    3.4    5.5
 22    58.0  125.5  121.4   2.60   97.7   95.4   1.72   90.09  124.37   -34.28   -7.1   -7.8   1.16    12.2    16.1    3.4   10.1
 23    60.7  133.0  133.5   0.88  102.8  102.4   1.09   97.14  106.76    -9.62   -6.3   -5.5   0.84    18.8    20.1    9.3   14.6
 24    63.3  136.7  137.4   0.87  106.6  108.3   0.68   96.30   94.28     2.02   -4.6   -4.0   0.87    19.6    19.9   13.3   17.6
 25    66.0  130.9  129.9   1.24  103.3  102.8   1.14  134.37  109.42    24.95   -6.2   -5.4   0.84    18.7    19.5    8.7   15.2
 26    68.6  125.6  121.4   2.64  100.2   97.8   1.74   74.33  106.80   -32.47   -7.1   -7.7   1.14    11.8    15.5    5.3   11.4
 27    71.2  124.8  119.3   3.60   97.6   95.2   1.73   43.51   84.95   -41.44   -8.7   -8.7   1.00     9.2    13.3    2.9   10.2
 28    73.9  124.7  118.3   4.43   96.7   92.5   2.63   34.21   60.32   -26.11   -8.8   -9.2   1.09     7.9    10.8    1.6    6.7
 29    76.5  124.6  118.0   4.60   95.9   91.3   2.91   12.26   48.03   -35.77   -9.0   -9.7   1.16     6.6    10.0    1.6    5.0
 30    79.2  124.6  117.6   4.95   96.1   90.7   3.44   16.06   30.71   -14.65   -8.4  -10.0   1.43     6.6     9.1    1.6    4.6
 31    81.8  124.5  117.4   5.21   95.8   91.0   3.05   13.77   21.74    -7.97   -9.0   -9.7   1.16     6.4     8.6    1.2    6.2
 32    84.4  124.6  117.3   5.37   96.0   90.3   3.79    7.81   27.63   -19.81   -8.4  -10.0   1.44     5.9     8.5    1.5    3.9
 33    87.1  124.6  117.1   5.60   95.9   89.8   4.08    4.04   18.43   -14.40   -9.6   -9.9   1.06     5.7     8.0    0.2    4.1
 34    89.7  124.5  116.8   5.99   95.7   89.4   4.28    3.05   19.02   -15.97   -8.9  -10.1   1.33     5.4     8.1    0.9    4.0
 35    92.3  124.2  116.1   6.52   95.4   88.6   4.74    4.26   21.96   -17.70   -9.4   -9.9   1.11     5.5     8.1    1.4    3.5
 36    95.0  123.6  114.7   7.63   94.5   87.8   4.68    8.25   38.44   -30.19   -9.8  -10.4   1.17     5.8     8.9    1.2    6.8
 37    97.6  123.7  116.1   5.74   95.0   88.7   4.26    1.71   20.98   -19.27   -9.3  -10.2   1.25     5.4     8.0    0.3    5.5
 38   100.3  124.1  116.9   5.24   95.3   89.2   4.04    1.98    9.43    -7.45   -8.8  -10.3   1.39     5.4     7.4    0.6    5.1
 39   102.9  124.2  117.2   4.97   95.7   90.1   3.61    2.21   10.32    -8.11   -9.5  -10.1   1.16     5.4     7.7    1.5    5.8
 40   105.5  124.1  117.3   4.79   95.7   90.1   3.62    1.84    8.93    -7.09   -8.6  -10.3   1.47     5.5     7.2    0.9    6.2
 41   108.2  123.9  117.4   4.44   95.6   89.7   3.91    1.91    4.56    -2.65   -9.3  -10.0   1.18     5.6     6.9    2.2    3.5
 42   110.8  124.1  117.6   4.42   95.8   90.1   3.76    1.53    3.87    -2.34   -8.6  -10.3   1.46     5.5     6.8    1.9    5.2
 43   113.5  124.2  117.8   4.33   95.9   90.7   3.35    2.56    5.65    -3.09   -9.3   -9.9   1.17     5.6     7.1    1.1    6.8
 44   116.1  124.2  118.1   4.06   96.2   91.2   3.15    5.94   31.63   -25.69   -8.8   -9.8   1.25     6.2     9.0    1.4    6.5
 45   118.7  124.5  118.4   4.03   96.8   91.8   3.22   20.29   52.56   -32.27   -9.3   -9.3   1.00     7.2    10.5    3.2    6.3
 46   121.4  125.1  118.9   4.15   98.0   93.2   2.98   30.61   65.28   -34.67   -7.9   -8.9   1.26     8.6    11.8    3.0    8.2
 47   124.0  128.2  124.9   2.11  107.2  101.3   3.92  105.33  141.46   -36.12   -7.3   -7.0   0.94    15.6    18.6   12.0   14.8
 48   126.6  129.9  128.0   1.55  111.1  105.6   3.56  112.77  143.56   -30.80   -5.4   -5.3   0.96    17.1    19.7   14.3   17.7
 49   129.3  126.9  122.9   2.47  104.3  100.6   2.37   80.97  106.49   -25.52   -7.3   -7.2   0.98    13.4    16.7    9.1   13.5
 50   131.9  125.3  120.2   3.25   99.9   99.5   1.11   36.67   94.89   -58.22   -7.8   -8.7   1.24     9.0    14.2    6.4   13.6
 51   134.6  124.7  118.9   3.79   97.7   95.8   1.55   35.85   69.40   -33.55   -9.2   -9.1   0.98     8.2    11.5    4.8   12.4
 52   137.2  124.3  118.3   3.98   96.3   92.8   2.21   11.08   39.85   -28.76   -8.7   -9.6   1.22     6.5     9.4    1.2    7.8
 53   139.8  124.2  118.0   4.22   96.2   91.8   2.79    7.68   21.89   -14.21   -8.9   -9.7   1.21     6.3     8.5    1.4    8.2
 54   142.5  124.2  117.8   4.36   95.8   91.2   2.88    5.59   21.68   -16.09   -8.4  -10.1   1.49     6.1     8.2    0.9    5.7
 55   145.1  124.1  117.7   4.38   95.7   91.1   2.86    4.99   17.04   -12.06   -9.2   -9.5   1.08     5.7     8.2    1.4    5.9
 56   147.8  124.2  117.5   4.59   95.9   91.2   2.93    4.89   20.43   -15.53   -8.2  -10.0   1.53     6.0     8.4    0.9    5.0
 57   150.4  124.3  117.4   4.88   95.7   91.3   2.78    4.52   14.93   -10.40   -9.1   -9.9   1.20     5.8     8.3    2.2    5.9
 58   153.0  124.2  117.1   5.11   95.8   90.1   3.69    2.69   14.03   -11.34   -8.8  -10.0   1.31     5.7     7.9    2.1    5.5
 59   155.7  123.8  116.2   5.81   95.3   89.8   3.62    5.34   16.09   -10.75   -9.4  -10.0   1.15     5.8     8.2    1.9    4.6
 60   158.3  123.6  114.9   7.45   94.8   89.0   3.78   16.79   40.19   -23.39   -9.7  -10.0   1.06     6.2     9.6    0.6    7.0
 61   160.9  124.3  116.2   6.44   95.7   89.3   4.34    7.18   29.36   -22.18   -9.2   -9.9   1.17     5.7     9.0    1.6    5.2
 62   163.6  124.6  116.9   5.82   96.0   90.0   3.98    7.06   17.61   -10.55   -8.8  -10.0   1.32     5.9     8.3    1.8    3.5
 63   166.2  124.6  117.2   5.50   96.0   90.1   3.90    9.92   18.60    -8.68   -9.7   -9.7   1.00     5.9     8.2    1.4    4.2
 64   168.9  124.6  117.3   5.31   96.3   90.6   3.78   13.11   20.72    -7.61   -8.5  -10.1   1.45     6.5     8.6    1.8    4.9
 65   171.5  124.5  117.6   4.94   96.5   90.9   3.63   14.87   34.98   -20.11   -9.0   -9.5   1.11     6.3     9.3    1.7    4.9
 66   174.1  124.5  117.7   4.81   96.6   91.2   3.41   17.29   34.00   -16.71   -8.2   -9.8   1.42     6.7     9.5    1.6    7.5
 67   176.8  124.7  118.0   4.67   96.7   91.8   3.06   19.17   43.46   -24.29   -9.2   -9.8   1.14     7.1     9.8    2.8    5.0
 68   179.4  124.7  118.4   4.22   96.6   92.2   2.74   23.73   73.41   -49.68   -8.6   -9.4   1.22     7.8    11.6    1.4    6.0
 69   182.1  125.0  119.6   3.51   97.4   94.3   2.07   50.03   95.22   -45.18   -8.8   -8.7   0.97     9.9    13.6    3.6    8.6
 70   184.7  125.7  121.0   3.00   98.9   97.0   1.55   73.90  130.06   -56.17   -7.1   -8.1   1.26    11.9    15.9    4.0   11.0
 71   187.3  133.2  133.4   0.95  106.0  104.3   1.48   96.66   98.90    -2.24   -6.4   -5.4   0.80    19.0    19.8   11.3   16.0
 72   190.0  136.7  137.4   0.84  110.2  108.3   1.56   91.14   94.47    -3.33   -4.7   -4.0   0.85    19.4    20.0   15.9   17.6
 73   192.6  130.5  129.9   1.15  102.1  104.1   0.64  119.09  104.48    14.62   -6.3   -5.3   0.80    18.1    19.4    7.5   14.7
 74   195.2  125.8  121.3   2.86  101.6   99.7   1.56   59.29   94.57   -35.29   -7.0   -7.6   1.14    11.6    15.4    7.3   14.2
 75   197.9  125.0  119.0   3.89   99.5   95.8   2.33   43.91   66.54   -22.63   -8.8   -8.7   0.98     9.1    12.5    4.6   10.8
 76   200.5  124.7  118.2   4.49   98.4   93.3   3.21   17.11   42.05   -24.94   -8.9   -9.4   1.14     7.3    10.3    3.6    8.2
 77   203.2  124.7  118.0   4.67   97.9   92.2   3.67   14.80   35.16   -20.36   -9.1   -9.8   1.17     6.9     9.8    3.3    6.2
 78   205.8  124.6  117.7   4.90   96.9   91.5   3.45   10.73   25.14   -14.41   -8.4   -9.9   1.41     6.3     8.8    4.0    5.5
 79   208.4  124.6  117.4   5.28   96.8   90.7   4.13    7.20   17.59   -10.39   -9.2   -9.9   1.17     6.0     8.2    1.9    4.9
 80   211.1  124.6  117.3   5.34   96.8   89.9   4.87    7.02   17.57   -10.54   -8.4  -10.4   1.56     6.0     8.1    1.7    5.3
 81   213.7  124.6  117.2   5.57   97.0   89.7   5.37    4.88    9.83    -4.96   -9.8   -9.9   1.03     5.7     7.5    1.9    4.5
 82   216.4  124.5  116.8   5.90   96.8   89.3   5.58    7.01   12.99    -5.99   -9.0  -10.4   1.37     6.1     7.7    3.4    3.8
 83   219.0  124.3  116.1   6.59   96.5   88.9   5.80    5.81   17.72   -11.91   -9.4   -9.9   1.13     5.8     8.0    2.9    6.1
 84   221.6  123.6  114.8   7.61   95.8   87.3   7.17    7.51   29.25   -21.74   -9.8  -10.2   1.10     5.6     8.6    2.5    4.6
 85   224.3  123.7  116.2   5.64   96.1   88.6   5.65    4.61   10.21    -5.60   -9.3  -10.1   1.18     5.8     7.5    3.1    3.2
 86   226.9  124.2  117.0   5.20   95.9   89.6   4.35    4.29    7.82    -3.53   -8.7   -9.9   1.34     5.6     7.3    1.6    5.8
 87   229.5  124.3  117.4   4.93   95.9   90.1   3.81    2.19    6.26    -4.07   -9.5  -10.1   1.16     5.4     7.1    1.4    4.1
 88   232.2  124.2  117.5   4.69   96.2   90.1   4.09    1.96    7.58    -5.62   -8.4  -10.3   1.55     5.6     7.2    1.6    4.0
 89   234.8  124.0  117.7   4.28   96.1   90.2   3.89    2.56    6.30    -3.74   -9.2   -9.9   1.16     5.7     7.1    2.5    3.7
 90   237.5  124.2  117.8   4.34   96.1   90.3   3.78    2.56    4.42    -1.85   -8.5  -10.2   1.49     5.7     6.8    2.0    4.5
 91   240.1  124.4  118.0   4.31   96.8   90.3   4.49    4.29    7.66    -3.37   -9.2   -9.9   1.19     6.1     7.4    2.4    3.3
 92   242.7  124.3  118.2   4.04   96.9   90.3   4.58   13.83   18.64    -4.81   -8.6   -9.9   1.33     6.5     8.3    2.1    3.8
 93   245.4  124.6  118.7   3.92   97.5   90.7   4.78   25.76   55.04   -29.28   -9.2   -9.5   1.07     7.6    10.8    3.1    3.8
 94   248.0  125.4  119.6   3.75   99.3   92.0   5.43   35.16   99.46   -64.30   -7.7   -9.0   1.34     9.2    13.4    4.2    7.6
 95   250.7  128.7  125.1   2.31  107.8  100.2   5.66  151.14  115.71    35.43   -7.2   -7.3   1.02    17.0    17.7   11.3   12.3
 96   253.3  124.7  121.8   1.94  106.3  100.7   3.63  165.81  151.52    14.29   -5.4   -5.2   0.96    18.9    19.6   15.4   16.9

==============================================================================
WHICH RANGE BINS HAVE THE STRONGEST CONTRAST PER FEATURE?
==============================================================================

        total_power_db  top-5 (drone x bg):
      rb= 36 ( 95.0 m)  score=   7.629
      rb= 84 (221.6 m)  score=   7.609
      rb= 60 (158.3 m)  score=   7.452
      rb= 12 ( 31.7 m)  score=   7.389
      rb= 83 (219.0 m)  score=   6.592

               peak_db  top-5 (drone x bg):
      rb= 84 (221.6 m)  score=   7.166
      rb= 83 (219.0 m)  score=   5.798
      rb= 95 (250.7 m)  score=   5.663
      rb= 85 (224.3 m)  score=   5.653
      rb= 82 (216.4 m)  score=   5.582

         spec_kurtosis  top-5 (drone delta bg):
      rb= 95 (250.7 m)  score=  35.428
      rb= 25 ( 66.0 m)  score=  24.949
      rb= 73 (192.6 m)  score=  14.617
      rb= 96 (253.3 m)  score=  14.289
      rb= 24 ( 63.3 m)  score=   2.021

      cepstrum_peak_db  top-5 (drone x bg):
      rb= 80 (211.1 m)  score=   1.564
      rb= 88 (232.2 m)  score=   1.552
      rb= 56 (147.8 m)  score=   1.531
      rb= 54 (142.5 m)  score=   1.490
      rb= 90 (237.5 m)  score=   1.487

               papr_db  top-5 (drone delta bg):
      rb= 24 ( 63.3 m)  score=  -0.307
      rb= 72 (190.0 m)  score=  -0.563
      rb= 96 (253.3 m)  score=  -0.638
      rb= 95 (250.7 m)  score=  -0.725
      rb= 25 ( 66.0 m)  score=  -0.753

        n_supra_median  top-5 (drone delta bg):
      rb= 85 (224.3 m)  score=  -0.100
      rb= 82 (216.4 m)  score=  -0.350
      rb= 93 (245.4 m)  score=  -0.700
      rb= 91 (240.1 m)  score=  -0.900
      rb= 95 (250.7 m)  score=  -1.000

==============================================================================
PER-FRAME PEAK FREQUENCY AND CEPSTRUM AT THE TOP-KURTOSIS RANGE BIN
==============================================================================

  best kurtosis-contrast bin: rb=95 (250.7 m)
  per-frame features at this bin (drone hover):
     frame    peak_Hz   peak_dB    kurt  cep_q   cep_dB   cep_freq
       463     2537.4     107.3  203.50     60    -7.19      508.0
       506     2537.4     106.7  220.63     29    -1.53     1051.0
       547     2544.8     104.5  214.15     10    -3.09     3047.9
       590     2544.8     108.5   98.73     48   -12.08      635.0
       632     1421.2     108.9    3.42    235    -8.44      129.7
       716     2537.4     105.4  195.86    158    -9.00      192.9
       758     2537.4     109.2   79.06     80    -8.77      381.0
       800     2537.4     109.2   90.86    140    -8.62      217.7
       843     2537.4     106.4  219.81     12    -4.27     2539.9
       884     2544.8     105.3  135.76     42    -2.97      725.7
       927     2544.8     106.9  170.97     24   -12.22     1269.9
       969     2537.4     109.7   90.70    216    -9.41      141.1
      1010     2544.8     109.5   91.14     96    -9.49      317.5
      1053     2537.4     108.0  189.79     36    -9.91      846.6
      1095     2537.4     108.6  165.39     12    -9.72     2539.9
      1179     2537.4     108.4  204.65     24    -7.84     1269.9
      1221     2544.8     108.5  139.57     63    -3.25      483.8
      1264     2537.4     108.4  140.91     24    -4.07     1269.9
      1305     2537.4     107.7  201.30     24    -4.17     1269.9
      1347     2530.0     108.1  166.63    213    -8.47      143.1

==============================================================================
PEAK-FREQUENCY HISTOGRAM (per-frame per-bin) — drone hover vs bg
==============================================================================
   lo_Hz  hi_Hz  drone_n   bg_n
       0    100        0      0
     100    200       51     35
     200    300       32     39
     300    400       31     37
     400    500       39     28
     500    600       40     44
     600    700       39     29
     700    800       43     31
     800    900       42     26
     900   1000       44     37
    1000   1100       46     29
    1100   1200       51     30
    1200   1300       51     27
    1300   1400       35     34
    1400   1500       41     28
    1500   1600       42     20
    1600   1700       37     27
    1700   1800       25     47
    1800   1900       29     42
    1900   2000       43     30
    2000   2100       43     30
    2100   2200       42     32
    2200   2300       36     37
    2300   2400       39     32
    2400   2500       75     42
    2500   2600      746   1005
    2600   2700       38     24
    2700   2800       37     39
    2800   2900       43     32
    2900   3000       60     27
    3000   4000        0      0
    4000   5000        0      0
    5000   7500        0      0
    7500  10000        0      0
   10000  15000        0      0

==============================================================================
PER-FRAME TRACE AT SUSPECTED-DRONE RANGE BINS (rb=18..30)
==============================================================================

  Drone hover frames — peak_dB at each rb:
     frame | rb18 rb19 rb20 rb21 rb22 rb23 rb24 rb25 rb26 rb27 rb28 rb29 rb30
       463 |  91.0  95.1  96.0  95.6  99.9 103.2 109.8 104.1  97.3  95.6  95.8  91.6  92.1
       506 |  95.5  95.9  94.7  96.8  94.8 104.5 110.3 106.1  95.9  97.3  96.1  95.8  96.3
       547 |  95.0  96.1  94.3  97.7  98.5 102.0 110.0 103.4  97.4  95.4  95.9  96.1  95.0
       590 |  98.5  98.2  98.7  98.1  98.0  99.6 105.0  99.5 100.5  98.7  98.6  98.4  98.4
       632 | 105.1 106.4 105.8 102.2  99.6 105.4 108.4 104.7 100.5 103.0 105.8 105.8 104.8
       716 | 102.0 101.9 101.9 102.8 103.1 103.0 109.9 103.1 102.5 102.7 102.6 102.3 102.3
       758 | 103.8 103.9 103.7 103.7 104.7 104.2 106.0 106.7 102.9 102.5 103.8 103.2 102.7
       800 | 100.2 100.8  99.7  99.1  99.1 107.8 109.6 102.3 105.3 102.8  99.8  99.2  99.9
       843 |  82.0  84.3  84.4  85.2  85.9  98.6 104.1 103.3  96.7  87.0  84.4  82.8  84.1
       884 | 101.4 101.7 101.5 102.0 101.7 101.3 103.2 102.2 101.9 102.3 102.9 102.0 102.5
       927 |  98.4  98.5 100.2  99.9  98.6 104.5 106.2 103.1 103.1  98.7  98.6  98.2  98.8
       969 |  99.7 100.9  99.8 100.5  99.9 108.8 112.4 103.3 106.8 103.6  99.6  98.1  98.3
      1010 |  95.4  94.5  94.6  95.3  98.1 105.1 108.2 101.6  99.4  94.9  94.3  93.8  93.7
      1053 |  94.0  94.6  94.1  95.0  93.8  99.3 109.8 109.2  95.7  95.6  93.5  93.8  93.9
      1095 |  93.8  92.3  97.8  94.1  97.9 105.9 107.7  97.9  97.5  98.2  93.4  92.6  93.6
      1179 |  90.3  90.6  90.9  90.0  90.5  90.6  96.9 101.9 101.3  93.4  90.2  89.4  90.2
      1221 | 104.5 103.5 104.3 103.4 103.7 106.6 103.8 104.2 103.8 103.9 103.6 103.6 103.4
      1264 |  87.3  83.6  86.8  91.0  93.3  99.1 100.1 101.9  97.0  87.7  87.5  85.3  84.7
      1305 |  84.0  86.6  85.4  85.8  92.5 104.7 108.6 102.5  94.1  88.7  86.2  85.6  85.8
      1347 | 100.0  99.9  99.8 101.2 100.6 101.2 101.7 105.5 103.6 100.1 101.2 100.8 100.3

  Background frames — peak_dB at each rb:
     frame | rb18 rb19 rb20 rb21 rb22 rb23 rb24 rb25 rb26 rb27 rb28 rb29 rb30
        49 |  84.2  84.0  84.5  84.5  85.3 101.6 108.6 101.4  90.6  88.4  85.9  81.6  82.4
        96 |  85.5  85.6  82.4  84.1  86.7  97.6 107.6 106.5  95.3  87.6  85.9  83.7  83.6
       143 |  84.0  85.0  83.6  87.6  92.0  99.0 105.0  91.5  88.0  86.7  84.2  82.9  83.2
       191 |  88.2  89.8  92.0  96.9  98.1 103.9 108.2  95.7 103.6  99.5  92.3  94.2  90.7
       238 |  87.4  87.8  89.8  89.5  93.6 104.7 110.3 106.3  97.1  94.3  87.2  87.3  83.6
       285 |  95.1  95.4  95.6  96.1  96.6  95.8 105.0 106.7  97.0  96.0  95.2  95.3  96.0
       332 |  89.2  88.1  90.7  94.8  97.4 105.5 108.5  96.6 100.3  94.6  94.6  90.2  88.8
       379 |  83.1  87.8  88.5  90.1  90.3  99.2 107.7 102.2  92.3  90.1  87.8  87.8  86.8
       427 |  96.1  95.6  96.1  96.1  97.2  97.0  95.3 100.7  96.2  95.7  95.8  95.3  95.4
       474 | 100.8 100.3 100.3  99.9 100.7 100.3 103.9 100.4 102.4 100.5 100.7 100.5 100.4
       521 |  92.5  92.5  93.5  94.1  95.0  93.5 102.9  99.4 100.4  99.2  93.2  92.4  92.8
       568 |  98.3  99.2  95.2  99.0 104.4 108.9 114.2 107.4 101.1 102.9 100.1  96.0  96.4
       616 | 104.0 103.7 104.9 105.9 104.4 107.6 110.9 104.3 105.4 104.4 104.2 105.1 106.4
       663 |  87.6  87.1  87.8  91.3  96.0 103.4 105.7  92.1  94.1  97.2  90.7  83.2  83.6
       710 |  91.9  92.9  93.2  92.4  98.7 110.1 116.2 111.1  98.6  94.0  94.9  92.9  86.7
       757 |  96.9  97.9  97.3  96.1  97.9 108.1 115.0 111.2 104.9 101.0  97.7  94.6  94.9
       804 |  94.8  96.7  95.7  95.5  96.3  99.9 108.8 107.2 101.8  95.2  95.4  96.7  95.7
       852 |  89.7  91.8  93.7  94.0  95.4 104.2 109.3 104.1  98.0  93.4  91.5  91.3  92.8
       899 |  89.1  87.9  87.9  92.1  94.8 106.4 114.1 109.8  89.9  89.0  88.1  87.9  89.1
       946 |  82.7  84.3  85.0  84.6  86.6 101.3 108.0 100.6  97.9  94.6  84.3  86.7  84.5

  Drone hover frames — kurtosis at each rb:
     frame | rb18 rb19 rb20 rb21 rb22 rb23 rb24 rb25 rb26 rb27 rb28 rb29 rb30
       463 |  37.7   9.7  89.7 118.1 182.3  90.5 102.3 203.1 103.4  77.7  98.5   5.6  19.3
       506 |  -0.9  -0.0   4.1  31.3 125.3  89.4  80.3 125.1  54.7   9.5  -0.3  -0.4  -0.8
       547 |   0.9   0.3  62.1  20.6 187.3  75.4  80.2 176.7 176.7  52.6  21.8   2.4   0.7
       590 |  -0.8  -0.7  -0.7   0.8  66.0 103.8  99.1 135.2   5.5   0.6  -0.6  -0.5  -0.8
       632 |  -0.2  -0.7  -0.1   0.5   3.8  93.1  78.7  74.5   1.3  -0.2  -0.1  -0.3  -0.4
       716 |  -0.5  -0.5   0.1   0.2   1.4  76.9  82.7 135.9   5.8   0.9  -0.0  -0.4  -0.1
       758 |   1.6   1.7   0.9   0.4  50.7 142.7  82.4  75.8  29.8   1.6   0.7   2.1   2.6
       800 |   0.3   0.7   1.6   2.5  41.2  79.6  88.3 138.4  39.6   9.1   0.3  -0.1   0.4
       843 |  36.9  70.2 130.1 155.6  88.6  88.3  81.5  89.3  69.5 191.4 141.2  60.3  85.3
       884 |   0.5   0.1   1.4   0.3  11.4  89.8  95.0 115.8   0.2   0.7   0.1   1.1  -0.1
       927 |  -0.8  -1.1  -0.1   0.9   4.4  87.3  92.2 117.2  18.6  10.6   7.7  -0.2  -0.8
       969 |   1.5   7.0   2.0  82.1 161.7 118.8 116.8 159.4 124.4  55.2   1.2   1.4   0.1
      1010 |   1.3   6.1  18.3 195.7 192.7  92.7  95.5 100.7 130.6  50.3  20.1   0.5   0.1
      1053 | 117.6   1.2 158.2 201.6 237.1  83.5 127.0 210.8 240.4 155.6 147.6   1.5  33.3
      1095 |  14.7   0.4  36.0  60.9  50.3 122.7 106.0 130.5 191.0  77.8   3.6   4.3  49.8
      1179 |   2.8   1.0  12.1  79.7 104.7 149.0 137.1 139.1 108.3  11.3  21.7   6.1   6.9
      1221 |   2.1   0.7   1.2   0.9   0.6  83.5  91.0 153.3   0.6   0.9   0.6   1.0   0.5
      1264 |  53.6  74.3 104.8 112.3 177.8  85.8 113.8 177.8  75.4  93.1  89.0  24.5  21.0
      1305 |  30.7  71.3 121.8 136.1 114.3  98.9  93.9 122.8 103.8  71.4 130.4 136.5 103.3
      1347 |   0.7  -0.1   0.6   0.3   0.4  90.9  82.2 105.9   7.0  -0.1   0.6  -0.1   0.7

  Background frames — kurtosis at each rb:
     frame | rb18 rb19 rb20 rb21 rb22 rb23 rb24 rb25 rb26 rb27 rb28 rb29 rb30
        49 | 112.6 172.5 203.7 126.0 208.3  88.8  86.6 131.4 155.2 219.1 239.0 193.0 146.7
        96 |  89.3 191.6 195.5 229.9 188.4 114.5  85.3 126.9 180.6 206.0 188.1 180.6  85.3
       143 |  16.9  16.0 124.0 219.9 101.1 106.7  89.3  81.0 180.5  63.9  11.5  19.9   3.1
       191 |  66.1 111.6 141.0  65.5 156.1  98.1  89.3  88.6  87.0  94.2  64.5  83.2  47.1
       238 | 105.4 186.5 203.7 169.6 232.4  96.9  80.1  67.4 174.0  92.2 171.5  87.5  52.8
       285 |  14.7  11.4  14.6  28.7 194.6  84.1  80.1 129.3  92.5  89.1   5.5   2.2   5.2
       332 | 103.5  55.2 145.6 184.3  96.1 105.5  86.6  88.1 123.7 103.9  76.0  59.1  27.4
       379 |  17.1  23.7  72.0 111.7 104.2  91.6  86.5  99.7  70.1  70.4  26.4  28.3  12.7
       427 |  -1.1  -1.0   0.6  -1.1   4.0  81.2  78.2  88.1  41.7  -0.2  -1.1  -0.5  -1.2
       474 |   0.3  -0.2  -0.3   5.4  32.5 118.9 141.5 200.8   1.6   1.4   0.3   0.3  -0.2
       521 |  32.1  41.1  39.4 129.2 150.5 151.4 137.0 152.3 234.8  81.3   5.3   2.2   6.6
       568 |  30.5  14.5   1.2 171.0  80.8 118.9  92.1  88.2 191.5  63.0  32.0   0.2  34.5
       616 |   1.9   1.4   2.8   6.5  12.5  91.3 101.3 111.9   3.2   2.1   2.2   1.6   2.7
       663 |  45.7  50.3  95.7 229.9 209.6 115.3 101.6 111.0 119.1 110.2 122.3  89.5  56.2
       710 |  43.9  62.5 158.1  82.4 169.7 150.8  84.3  81.3  92.5  87.3  83.0 119.7  92.8
       757 |   3.9  10.2   4.9  64.4 118.3 132.5 117.6 136.7 107.6  66.8   7.1   2.2   3.1
       804 |   0.7   2.0   3.0  19.2  19.1  96.7  87.4  81.8  39.7  26.2   2.8   1.0   1.4
       852 |  33.3  28.0  16.4  11.0  65.6  98.7  93.3 104.0  99.4  47.8  32.3  15.6   9.3
       899 |  27.4  43.6 112.7 146.1 202.0  90.2  80.1 142.2  78.8 132.8  66.3  30.3  20.9
       946 |  70.5  27.4  30.0  90.2 141.6 103.1  87.3  77.8  62.6 141.5  71.4  44.6   7.5

==============================================================================
CEPSTRUM QUEFRENCY HISTOGRAM (where do the peaks land?)
==============================================================================
   q_lo  q_hi  fblade_Hz  drone_n   bg_n
      5    15     3047.9      217    217
     15    25     1523.9      161    163
     25    35     1016.0      113    133
     35    45      762.0      145    147
     45    55      609.6       63    221
     55    65      508.0      148    115
     65    75      435.4       82    158
     75    85      381.0       77     72
     85    95      338.7       22     28
     95   105      304.8       39     77
    105   115      277.1       99     49
    115   125      254.0       74     47
    125   135      234.5       70    103
    135   145      217.7       43     56
    145   155      203.2       10     25
    155   165      190.5       47     23
    165   175      179.3       77     22
    175   185      169.3        7     30
    185   195      160.4        5     14
    195   205      152.4       68     17
    205   215      145.1       62      8
    215   225      138.5       81     10
    225   235      132.5        3     13
    235   245      127.0      129     14
    245   255      121.9        2     14
    255   265      117.2       61      7
    265   275      112.9        0      3
    275   285      108.9        1     52
    285   295      105.1       14     82

==============================================================================
NORMALIZED PER-BIN CONTRAST (median, global shift removed)
==============================================================================

  peak_db (shift_d=+96.97, shift_b=+89.11)
    top-10 local-excess range bins:
       rb range_m   d_local   b_local   delta
       36    95.0     -0.34     -6.27    5.93
       35    92.3     -0.37     -5.40    5.04
       84   221.6     -0.21     -5.21    5.00
       83   219.0     -0.24     -4.64    4.40
       37    97.6     -0.45     -4.78    4.32
       85   224.3     -0.36     -4.15    3.79
       82   216.4     -0.15     -3.56    3.41
       38   100.3     -0.90     -3.67    2.77
       42   110.8     -0.30     -2.83    2.53
       81   213.7      0.14     -2.38    2.52

  spec_kurtosis (shift_d=+0.71, shift_b=+17.32)
    top-10 local-excess range bins:
       rb range_m   d_local   b_local   delta
       95   250.7    165.30    111.03   54.26
       96   253.3    179.43    129.75   49.67
       25    66.0    132.14     84.54   47.61
       73   192.6    106.06     80.02   26.04
       24    63.3     92.34     70.00   22.34
       71   187.3     95.30     79.80   15.51
       72   190.0     87.45     72.53   14.92
       42   110.8     -0.32    -14.26   13.94
       89   234.8     -0.15    -13.95   13.80
       90   237.5      0.10    -13.69   13.80

  papr_db (shift_d=+5.52, shift_b=+9.82)
    top-10 local-excess range bins:
       rb range_m   d_local   b_local   delta
       24    63.3     13.98      9.94    4.04
       72   190.0     13.83     10.15    3.68
       71   187.3     13.49     10.18    3.31
       25    66.0     13.02      9.93    3.09
       23    60.7     13.27     10.33    2.94
       73   192.6     12.64      9.83    2.81
       88   232.2     -0.25     -2.66    2.41
       96   253.3     13.18     10.78    2.40
       41   108.2      0.12     -2.09    2.21
       42   110.8     -0.14     -2.30    2.16

  n_supra_median (shift_d=+0.00, shift_b=+1.75)
    top-10 local-excess range bins:
       rb range_m   d_local   b_local   delta
        7    18.5      0.00     -1.75    1.75
        9    23.7      0.00     -1.75    1.75
       18    47.5      0.00     -1.75    1.75
       17    44.9      0.00     -1.75    1.75
       32    84.4      0.00     -1.75    1.75
       29    76.5      0.00     -1.75    1.75
       57   150.4      0.00     -1.75    1.75
       63   166.2      0.00     -1.75    1.75
       41   108.2      0.00     -1.75    1.75
       42   110.8      0.00     -1.75    1.75

[OK] wrote per-bin contrast table to: C:\Users\asaf.ruf.BLUERIVERTECH\Desktop\Seeker01\seeker_bench\tools\hover_spectrum_dive_output.csv
